[ROE MISMATCH] ADANIENT (Adani Enterprises Ltd) | Source=13.64% | Computed=8.53% | Difference=5.11%
[ROE MISMATCH] ADANIPOWER (Adani Power Ltd) | Source=57.10% | Computed=48.28% | Difference=8.82%
[ROE NULL] AMBUJACEM (Ambuja Cements Ltd) | Year=Mar 2023 15 | Source=9.24% | Computed=NULL
[ROE MISMATCH] BAJAJFINSV (Bajaj Finserv Ltd) | Source=11.72% | Computed=25.85% | Difference=14.13%
[ROE MISMATCH] BEL (Bharat Electronics Ltd) | Source=26.30% | Computed=4744.05% | Difference=4717.75%
[ROE MISMATCH] BPCL (Bharat Petroleum Corporation Ltd) | Source=41.90% | Computed=35.51% | Difference=6.39%
[ROE MISMATCH] COALINDIA (Coal India Ltd) | Source=52.00% | Computed=45.17% | Difference=6.83%
[ROE MISMATCH] GODREJCP (Godrej Consumer Products Ltd) | Source=6.77% | Computed=-4.45% | Difference=11.22%
[ROE MISMATCH] HAL (Hindustan Aeronautics Ltd) | Source=28.90% | Computed=3816.58% | Difference=3787.68%
[ROE NULL] HCLTECH (HCL Technologies Ltd) | Year=Mar 2016 9m | Source=23.30% | Computed=NULL
[ROE MISMATCH] IRCTC (Indian Railway Catering & Tourism Corporation Ltd) | Source=40.40% | Computed=34.40% | Difference=6.00%
[ROE MISMATCH] LICI (Life Insurance Corporation of India) | Source=63.61% | Computed=49.45% | Difference=14.16%
[ROE MISMATCH] LT (Larsen & Toubro Ltd) | Source=10.49% | Computed=77.67% | Difference=67.18%
[ROE MISMATCH] NESTLEIND (Nestle India Ltd) | Source=135.61% | Computed=117.75% | Difference=17.86%
[ROE MISMATCH] PFC (Power Finance Corporation Ltd) | Source=19.49% | Computed=26.16% | Difference=6.67%
[ROE MISMATCH] PNB (Punjab National Bank) | Source=8.70% | Computed=61.32% | Difference=52.62%
[ROE NULL] SBIN (State Bank of India) | Year=2024-03 | Source=17.30% | Computed=NULL
[ROE NULL] SHREECEM (Shree Cement Ltd) | Year=Mar 2016 9m | Source=12.20% | Computed=NULL
[ROE MISMATCH] TATAMOTORS (Tata Motors Ltd) | Source=49.40% | Computed=37.46% | Difference=11.94%
[ROE MISMATCH] TATASTEEL (Tata Steel Ltd
) | Source=6.55% | Computed=-5.33% | Difference=11.88%
[ROE MISMATCH] TCS (Tata Consultancy Services Ltd) | Source=0.52% | Computed=50.94% | Difference=50.42%
[ROE MISMATCH] TRENT (Trent Ltd) | Source=27.20% | Computed=36.31% | Difference=9.11%